<?xml version="1.0" encoding="UTF-8"?>
<testsuites tests="461" failures="5" errors="0" time="270.418295">
	<testsuite tests="131" failures="3" time="65.878000" name="github.com/altinity/altinity-mcp/cmd/altinity-mcp" timestamp="2026-03-29T22:57:49+02:00">
		<properties>
			<property name="go.version" value="go1.25.6 darwin/arm64"></property>
		</properties>
		<testcase classname="github.com/altinity/altinity-mcp/cmd/altinity-mcp" name="TestRun/token_injection_middleware/bearer_token" time="0.000000">
			<failure message="Failed" type="">=== RUN   TestRun/token_injection_middleware/bearer_token&#xA;--- FAIL: TestRun/token_injection_middleware/bearer_token (0.00s)&#xA;</failure>
		</testcase>
		<testcase classname="github.com/altinity/altinity-mcp/cmd/altinity-mcp" name="TestRun/token_injection_middleware" time="0.000000">
			<failure message="Failed" type="">=== RUN   TestRun/token_injection_middleware&#xA;--- FAIL: TestRun/token_injection_middleware (0.00s)&#xA;</failure>
		</testcase>
		<testcase classname="github.com/altinity/altinity-mcp/cmd/altinity-mcp" name="TestRun" time="0.020000">
			<failure message="Failed" type="">=== RUN   TestRun&#xA;--- FAIL: TestRun (0.02s)&#xA;panic: runtime error: invalid memory address or nil pointer dereference [recovered, repanicked]&#xA;[signal SIGSEGV: segmentation violation code=0x2 addr=0x128 pc=0x1048e7bb0]&#xA;&#xA;goroutine 995 [running]:&#xA;testing.tRunner.func1.2({0x104dd7160, 0x1056eab70})&#xA;&#x9;/Users/bvt/go/pkg/mod/golang.org/toolchain@v0.0.1-go1.25.6.darwin-arm64/src/testing/testing.go:1872 +0x190&#xA;testing.tRunner.func1()&#xA;&#x9;/Users/bvt/go/pkg/mod/golang.org/toolchain@v0.0.1-go1.25.6.darwin-arm64/src/testing/testing.go:1875 +0x31c&#xA;panic({0x104dd7160?, 0x1056eab70?})&#xA;&#x9;/Users/bvt/go/pkg/mod/golang.org/toolchain@v0.0.1-go1.25.6.darwin-arm64/src/runtime/panic.go:783 +0x120&#xA;github.com/altinity/altinity-mcp/pkg/server.(*ClickHouseJWEServer).parseJWEClaims(0x10?, {0x104ae5fb1?, 0x104d63740?})&#xA;&#x9;/Users/bvt/work/altinity-mcp/pkg/server/server.go:348 +0x20&#xA;github.com/altinity/altinity-mcp/pkg/server.(*ClickHouseJWEServer).ParseJWEClaims(0x104f58908?, {0x104ae5fb1?, 0x104d63740?})&#xA;&#x9;/Users/bvt/work/altinity-mcp/pkg/server/server.go:361 +0x20&#xA;github.com/altinity/altinity-mcp/cmd/altinity-mcp.TestRun.func11.(*application).createTokenInjector.7.1({0x104f55b40, 0x140002ca580}, 0x14000391a40)&#xA;&#x9;/Users/bvt/work/altinity-mcp/cmd/altinity-mcp/main.go:348 +0x170&#xA;net/http.HandlerFunc.ServeHTTP(0x104f4f120?, {0x104f55b40?, 0x140002ca580?}, 0xd?)&#xA;&#x9;/Users/bvt/go/pkg/mod/golang.org/toolchain@v0.0.1-go1.25.6.darwin-arm64/src/net/http/server.go:2322 +0x38&#xA;github.com/altinity/altinity-mcp/cmd/altinity-mcp.TestRun.func11.1(0x14000181c00)&#xA;&#x9;/Users/bvt/work/altinity-mcp/cmd/altinity-mcp/main_test.go:3046 +0x1d8&#xA;testing.tRunner(0x14000181c00, 0x140002aa230)&#xA;&#x9;/Users/bvt/go/pkg/mod/golang.org/toolchain@v0.0.1-go1.25.6.darwin-arm64/src/testing/testing.go:1934 +0xc8&#xA;created by testing.(*T).Run in goroutine 994&#xA;&#x9;/Users/bvt/go/pkg/mod/golang.org/toolchain@v0.0.1-go1.25.6.darwin-arm64/src/testing/testing.go:1997 +0x364&#xA;</failure>
		</testcase>
		<testcase classname="github.com/altinity/altinity-mcp/cmd/altinity-mcp" name="TestSetupLogging/valid_levels" time="0.000000"></testcase>
		<testcase classname="github.com/altinity/altinity-mcp/cmd/altinity-mcp" name="TestSetupLogging/invalid_level" time="0.000000"></testcase>
		<testcase classname="github.com/altinity/altinity-mcp/cmd/altinity-mcp" name="TestSetupLogging/case_insensitive" time="0.000000"></testcase>
		<testcase classname="github.com/altinity/altinity-mcp/cmd/altinity-mcp" name="TestSetupLogging" time="0.000000"></testcase>
		<testcase classname="github.com/altinity/altinity-mcp/cmd/altinity-mcp" name="TestBuildConfig/default_values" time="0.000000"></testcase>
		<testcase classname="github.com/altinity/altinity-mcp/cmd/altinity-mcp" name="TestBuildConfig/with_http_headers" time="0.000000"></testcase>
		<testcase classname="github.com/altinity/altinity-mcp/cmd/altinity-mcp" name="TestBuildConfig/openapi_enabled_http" time="0.000000"></testcase>
		<testcase classname="github.com/altinity/altinity-mcp/cmd/altinity-mcp" name="TestBuildConfig/nonexistent_config_file" time="0.000000"></testcase>
		<testcase classname="github.com/altinity/altinity-mcp/cmd/altinity-mcp" name="TestBuildConfig" time="0.000000"></testcase>
		<testcase classname="github.com/altinity/altinity-mcp/cmd/altinity-mcp" name="TestStripTrailingSlashMiddleware/static_path_with_and_without_slash" time="0.000000"></testcase>
		<testcase classname="github.com/altinity/altinity-mcp/cmd/altinity-mcp" name="TestStripTrailingSlashMiddleware/dynamic_path_with_and_without_slash" time="0.000000"></testcase>
		<testcase classname="github.com/altinity/altinity-mcp/cmd/altinity-mcp" name="TestStripTrailingSlashMiddleware" time="0.000000"></testcase>
		<testcase classname="github.com/altinity/altinity-mcp/cmd/altinity-mcp" name="TestRoutePatterns/combined_auth_transport_routes_include_tokenized_and_pathless" time="0.000000"></testcase>
		<testcase classname="github.com/altinity/altinity-mcp/cmd/altinity-mcp" name="TestRoutePatterns/combined_auth_openapi_routes_include_oauth_fallback_subpaths" time="0.000000"></testcase>
		<testcase classname="github.com/altinity/altinity-mcp/cmd/altinity-mcp" name="TestRoutePatterns" time="0.000000"></testcase>
		<testcase classname="github.com/altinity/altinity-mcp/cmd/altinity-mcp" name="TestOverrideWithCLIFlags/protocol_override" time="0.000000"></testcase>
		<testcase classname="github.com/altinity/altinity-mcp/cmd/altinity-mcp" name="TestOverrideWithCLIFlags/transport_override" time="0.000000"></testcase>
		<testcase classname="github.com/altinity/altinity-mcp/cmd/altinity-mcp" name="TestOverrideWithCLIFlags/log_level_override" time="0.000000"></testcase>
		<testcase classname="github.com/altinity/altinity-mcp/cmd/altinity-mcp" name="TestOverrideWithCLIFlags/oauth_clear_clickhouse_credentials_override" time="0.000000"></testcase>
		<testcase classname="github.com/altinity/altinity-mcp/cmd/altinity-mcp" name="TestOverrideWithCLIFlags" time="0.000000"></testcase>
		<testcase classname="github.com/altinity/altinity-mcp/cmd/altinity-mcp" name="TestBuildServerTLSConfig/disabled" time="0.000000"></testcase>
		<testcase classname="github.com/altinity/altinity-mcp/cmd/altinity-mcp" name="TestBuildServerTLSConfig/enabled_without_ca" time="0.000000"></testcase>
		<testcase classname="github.com/altinity/altinity-mcp/cmd/altinity-mcp" name="TestBuildServerTLSConfig/enabled_with_invalid_ca" time="0.000000"></testcase>
		<testcase classname="github.com/altinity/altinity-mcp/cmd/altinity-mcp" name="TestBuildServerTLSConfig/enabled_with_valid_ca" time="0.000000"></testcase>
		<testcase classname="github.com/altinity/altinity-mcp/cmd/altinity-mcp" name="TestBuildServerTLSConfig" time="0.000000"></testcase>
		<testcase classname="github.com/altinity/altinity-mcp/cmd/altinity-mcp" name="TestHealthHandler_Additions/jwe_enabled" time="0.000000"></testcase>
		<testcase classname="github.com/altinity/altinity-mcp/cmd/altinity-mcp" name="TestHealthHandler_Additions/clickhouse_unhealthy" time="0.000000"></testcase>
		<testcase classname="github.com/altinity/altinity-mcp/cmd/altinity-mcp" name="TestHealthHandler_Additions/clickhouse_healthy" time="12.230000"></testcase>
		<testcase classname="github.com/altinity/altinity-mcp/cmd/altinity-mcp" name="TestHealthHandler_Additions/method_not_allowed" time="0.000000"></testcase>
		<testcase classname="github.com/altinity/altinity-mcp/cmd/altinity-mcp" name="TestHealthHandler_Additions" time="12.230000"></testcase>
		<testcase classname="github.com/altinity/altinity-mcp/cmd/altinity-mcp" name="TestTestConnection_Additions/success" time="9.650000"></testcase>
		<testcase classname="github.com/altinity/altinity-mcp/cmd/altinity-mcp" name="TestTestConnection_Additions/failure" time="0.000000"></testcase>
		<testcase classname="github.com/altinity/altinity-mcp/cmd/altinity-mcp" name="TestTestConnection_Additions" time="9.650000"></testcase>
		<testcase classname="github.com/altinity/altinity-mcp/cmd/altinity-mcp" name="TestNewApplication_ErrorPaths/jwe_enabled_missing_key" time="0.000000"></testcase>
		<testcase classname="github.com/altinity/altinity-mcp/cmd/altinity-mcp" name="TestNewApplication_ErrorPaths/clickhouse_ping_fail" time="0.000000"></testcase>
		<testcase classname="github.com/altinity/altinity-mcp/cmd/altinity-mcp" name="TestNewApplication_ErrorPaths" time="0.000000"></testcase>
		<testcase classname="github.com/altinity/altinity-mcp/cmd/altinity-mcp" name="TestConfigReloadLoop_ErrorAndStop" time="1.510000"></testcase>
		<testcase classname="github.com/altinity/altinity-mcp/cmd/altinity-mcp" name="TestClickHouseClient_PingAndDescribeTable" time="9.520000"></testcase>
		<testcase classname="github.com/altinity/altinity-mcp/cmd/altinity-mcp" name="TestHealthHandler/method_not_allowed" time="0.000000"></testcase>
		<testcase classname="github.com/altinity/altinity-mcp/cmd/altinity-mcp" name="TestHealthHandler/jwe_enabled" time="0.000000"></testcase>
		<testcase classname="github.com/altinity/altinity-mcp/cmd/altinity-mcp" name="TestHealthHandler/clickhouse_connection_failure" time="0.010000"></testcase>
		<testcase classname="github.com/altinity/altinity-mcp/cmd/altinity-mcp" name="TestHealthHandler/clickhouse_ping_failure" time="0.000000"></testcase>
		<testcase classname="github.com/altinity/altinity-mcp/cmd/altinity-mcp" name="TestHealthHandler/successful_clickhouse_connection_with_testcontainer" time="3.940000"></testcase>
		<testcase classname="github.com/altinity/altinity-mcp/cmd/altinity-mcp" name="TestHealthHandler" time="3.950000"></testcase>
		<testcase classname="github.com/altinity/altinity-mcp/cmd/altinity-mcp" name="TestApplication/get_current_config" time="0.000000"></testcase>
		<testcase classname="github.com/altinity/altinity-mcp/cmd/altinity-mcp" name="TestApplication/close" time="0.000000"></testcase>
		<testcase classname="github.com/altinity/altinity-mcp/cmd/altinity-mcp" name="TestApplication/close_without_config_reload" time="0.000000"></testcase>
		<testcase classname="github.com/altinity/altinity-mcp/cmd/altinity-mcp" name="TestApplication" time="0.000000"></testcase>
		<testcase classname="github.com/altinity/altinity-mcp/cmd/altinity-mcp" name="TestConfigReloadLoop/stop_via_channel" time="0.000000"></testcase>
		<testcase classname="github.com/altinity/altinity-mcp/cmd/altinity-mcp" name="TestConfigReloadLoop/stop_via_context" time="0.000000"></testcase>
		<testcase classname="github.com/altinity/altinity-mcp/cmd/altinity-mcp" name="TestConfigReloadLoop" time="0.000000"></testcase>
		<testcase classname="github.com/altinity/altinity-mcp/cmd/altinity-mcp" name="TestReloadConfig/nonexistent_file" time="0.000000"></testcase>
		<testcase classname="github.com/altinity/altinity-mcp/cmd/altinity-mcp" name="TestReloadConfig" time="0.000000"></testcase>
		<testcase classname="github.com/altinity/altinity-mcp/cmd/altinity-mcp" name="TestTestConnection/invalid_config" time="0.000000"></testcase>
		<testcase classname="github.com/altinity/altinity-mcp/cmd/altinity-mcp" name="TestTestConnection/context_cancellation" time="0.000000"></testcase>
		<testcase classname="github.com/altinity/altinity-mcp/cmd/altinity-mcp" name="TestTestConnection/successful_connection_with_testcontainer" time="4.110000"></testcase>
		<testcase classname="github.com/altinity/altinity-mcp/cmd/altinity-mcp" name="TestTestConnection/connection_with_tcp_protocol" time="4.360000"></testcase>
		<testcase classname="github.com/altinity/altinity-mcp/cmd/altinity-mcp" name="TestTestConnection/connection_with_tls" time="4.000000"></testcase>
		<testcase classname="github.com/altinity/altinity-mcp/cmd/altinity-mcp" name="TestTestConnection/connection_with_readonly_mode" time="3.150000"></testcase>
		<testcase classname="github.com/altinity/altinity-mcp/cmd/altinity-mcp" name="TestTestConnection/connection_with_max_execution_time" time="5.110000"></testcase>
		<testcase classname="github.com/altinity/altinity-mcp/cmd/altinity-mcp" name="TestTestConnection" time="20.740000"></testcase>
		<testcase classname="github.com/altinity/altinity-mcp/cmd/altinity-mcp" name="TestRunServer/invalid_config_file" time="0.000000"></testcase>
		<testcase classname="github.com/altinity/altinity-mcp/cmd/altinity-mcp" name="TestRunServer/invalid_clickhouse_connection" time="0.010000"></testcase>
		<testcase classname="github.com/altinity/altinity-mcp/cmd/altinity-mcp" name="TestRunServer" time="0.010000"></testcase>
		<testcase classname="github.com/altinity/altinity-mcp/cmd/altinity-mcp" name="TestMainCLIApp/version_command" time="0.000000"></testcase>
		<testcase classname="github.com/altinity/altinity-mcp/cmd/altinity-mcp" name="TestMainCLIApp/test_connection_command" time="0.000000"></testcase>
		<testcase classname="github.com/altinity/altinity-mcp/cmd/altinity-mcp" name="TestMainCLIApp" time="0.000000"></testcase>
		<testcase classname="github.com/altinity/altinity-mcp/cmd/altinity-mcp" name="TestNewApplication/jwe_enabled_without_jwe_secret_key" time="0.000000"></testcase>
		<testcase classname="github.com/altinity/altinity-mcp/cmd/altinity-mcp" name="TestNewApplication/jwe_enabled_without_jwt_secret_key" time="0.000000"></testcase>
		<testcase classname="github.com/altinity/altinity-mcp/cmd/altinity-mcp" name="TestNewApplication/jwe_enabled_with_secret" time="0.000000"></testcase>
		<testcase classname="github.com/altinity/altinity-mcp/cmd/altinity-mcp" name="TestNewApplication/invalid_clickhouse_connection" time="0.000000"></testcase>
		<testcase classname="github.com/altinity/altinity-mcp/cmd/altinity-mcp" name="TestNewApplication/successful_creation_with_config_reload" time="0.100000"></testcase>
		<testcase classname="github.com/altinity/altinity-mcp/cmd/altinity-mcp" name="TestNewApplication/clickhouse_ping_failure" time="0.000000"></testcase>
		<testcase classname="github.com/altinity/altinity-mcp/cmd/altinity-mcp" name="TestNewApplication" time="0.110000"></testcase>
		<testcase classname="github.com/altinity/altinity-mcp/cmd/altinity-mcp" name="TestBuildConfigWithFile/with_valid_config_file" time="0.000000"></testcase>
		<testcase classname="github.com/altinity/altinity-mcp/cmd/altinity-mcp" name="TestBuildConfigWithFile/with_http_headers_cli_override" time="0.000000"></testcase>
		<testcase classname="github.com/altinity/altinity-mcp/cmd/altinity-mcp" name="TestBuildConfigWithFile" time="0.000000"></testcase>
		<testcase classname="github.com/altinity/altinity-mcp/cmd/altinity-mcp" name="TestOverrideWithCLIFlagsExtended/all_clickhouse_flags" time="0.000000"></testcase>
		<testcase classname="github.com/altinity/altinity-mcp/cmd/altinity-mcp" name="TestOverrideWithCLIFlagsExtended/clickhouse_http_headers_flag" time="0.000000"></testcase>
		<testcase classname="github.com/altinity/altinity-mcp/cmd/altinity-mcp" name="TestOverrideWithCLIFlagsExtended/clickhouse_http_headers_flag_empty" time="0.000000"></testcase>
		<testcase classname="github.com/altinity/altinity-mcp/cmd/altinity-mcp" name="TestOverrideWithCLIFlagsExtended/clickhouse_http_headers_flag_not_set" time="0.000000"></testcase>
		<testcase classname="github.com/altinity/altinity-mcp/cmd/altinity-mcp" name="TestOverrideWithCLIFlagsExtended/clickhouse_http_headers_with_other_flags" time="0.000000"></testcase>
		<testcase classname="github.com/altinity/altinity-mcp/cmd/altinity-mcp" name="TestOverrideWithCLIFlagsExtended/all_server_flags" time="0.000000"></testcase>
		<testcase classname="github.com/altinity/altinity-mcp/cmd/altinity-mcp" name="TestOverrideWithCLIFlagsExtended/defaults_when_not_set" time="0.000000"></testcase>
		<testcase classname="github.com/altinity/altinity-mcp/cmd/altinity-mcp" name="TestOverrideWithCLIFlagsExtended/invalid_protocol_defaults_to_http" time="0.000000"></testcase>
		<testcase classname="github.com/altinity/altinity-mcp/cmd/altinity-mcp" name="TestOverrideWithCLIFlagsExtended/invalid_transport_defaults_to_stdio" time="0.000000"></testcase>
		<testcase classname="github.com/altinity/altinity-mcp/cmd/altinity-mcp" name="TestOverrideWithCLIFlagsExtended/invalid_log_level_defaults_to_info" time="0.000000"></testcase>
		<testcase classname="github.com/altinity/altinity-mcp/cmd/altinity-mcp" name="TestOverrideWithCLIFlagsExtended" time="0.000000"></testcase>
		<testcase classname="github.com/altinity/altinity-mcp/cmd/altinity-mcp" name="TestHeaderToSettingsCLIFlag/parses_comma_separated_pairs" time="0.000000"></testcase>
		<testcase classname="github.com/altinity/altinity-mcp/cmd/altinity-mcp" name="TestHeaderToSettingsCLIFlag/single_pair" time="0.000000"></testcase>
		<testcase classname="github.com/altinity/altinity-mcp/cmd/altinity-mcp" name="TestHeaderToSettingsCLIFlag/handles_spaces_in_pairs" time="0.000000"></testcase>
		<testcase classname="github.com/altinity/altinity-mcp/cmd/altinity-mcp" name="TestHeaderToSettingsCLIFlag/empty_string_clears_mapping" time="0.000000"></testcase>
		<testcase classname="github.com/altinity/altinity-mcp/cmd/altinity-mcp" name="TestHeaderToSettingsCLIFlag/not_set_preserves_config_file_value" time="0.000000"></testcase>
		<testcase classname="github.com/altinity/altinity-mcp/cmd/altinity-mcp" name="TestHeaderToSettingsCLIFlag" time="0.000000"></testcase>
		<testcase classname="github.com/altinity/altinity-mcp/cmd/altinity-mcp" name="TestHeaderToSettingsConfigFile/parses_yaml_mapping" time="0.000000"></testcase>
		<testcase classname="github.com/altinity/altinity-mcp/cmd/altinity-mcp" name="TestHeaderToSettingsConfigFile/cli_flag_overrides_config_file" time="0.000000"></testcase>
		<testcase classname="github.com/altinity/altinity-mcp/cmd/altinity-mcp" name="TestHeaderToSettingsConfigFile/empty_mapping_in_config_file" time="0.000000"></testcase>
		<testcase classname="github.com/altinity/altinity-mcp/cmd/altinity-mcp" name="TestHeaderToSettingsConfigFile" time="0.000000"></testcase>
		<testcase classname="github.com/altinity/altinity-mcp/cmd/altinity-mcp" name="TestCORSSupport/cors_preflight_request" time="0.210000"></testcase>
		<testcase classname="github.com/altinity/altinity-mcp/cmd/altinity-mcp" name="TestCORSSupport" time="0.210000"></testcase>
		<testcase classname="github.com/altinity/altinity-mcp/cmd/altinity-mcp" name="TestApplicationStart/unsupported_transport" time="0.000000"></testcase>
		<testcase classname="github.com/altinity/altinity-mcp/cmd/altinity-mcp" name="TestApplicationStart/stdio_transport" time="0.010000"></testcase>
		<testcase classname="github.com/altinity/altinity-mcp/cmd/altinity-mcp" name="TestApplicationStart/http_transport_invalid_port" time="0.000000"></testcase>
		<testcase classname="github.com/altinity/altinity-mcp/cmd/altinity-mcp" name="TestApplicationStart/http_transport_with_tls_missing_files" time="0.000000"></testcase>
		<testcase classname="github.com/altinity/altinity-mcp/cmd/altinity-mcp" name="TestApplicationStart/sse_transport_without_jwe" time="0.100000"></testcase>
		<testcase classname="github.com/altinity/altinity-mcp/cmd/altinity-mcp" name="TestApplicationStart/sse_transport_with_jwe" time="0.100000"></testcase>
		<testcase classname="github.com/altinity/altinity-mcp/cmd/altinity-mcp" name="TestApplicationStart/sse_transport_with_jwe_and_openapi" time="0.100000"></testcase>
		<testcase classname="github.com/altinity/altinity-mcp/cmd/altinity-mcp" name="TestApplicationStart/http_transport_with_jwe_and_openapi" time="0.100000"></testcase>
		<testcase classname="github.com/altinity/altinity-mcp/cmd/altinity-mcp" name="TestApplicationStart/sse_transport_openapi_without_jwe" time="0.100000"></testcase>
		<testcase classname="github.com/altinity/altinity-mcp/cmd/altinity-mcp" name="TestApplicationStart/http_transport_openapi_without_jwe" time="0.100000"></testcase>
		<testcase classname="github.com/altinity/altinity-mcp/cmd/altinity-mcp" name="TestApplicationStart/sse_transport_with_tls_invalid_config" time="0.000000"></testcase>
		<testcase classname="github.com/altinity/altinity-mcp/cmd/altinity-mcp" name="TestApplicationStart/build_server_tls_config_error" time="0.000000"></testcase>
		<testcase classname="github.com/altinity/altinity-mcp/cmd/altinity-mcp" name="TestApplicationStart/http_transport_successful_start" time="0.100000"></testcase>
		<testcase classname="github.com/altinity/altinity-mcp/cmd/altinity-mcp" name="TestApplicationStart" time="0.720000"></testcase>
		<testcase classname="github.com/altinity/altinity-mcp/cmd/altinity-mcp" name="TestReloadConfigWithValidFile/reload_time_preserved_when_not_in_config" time="0.000000"></testcase>
		<testcase classname="github.com/altinity/altinity-mcp/cmd/altinity-mcp" name="TestReloadConfigWithValidFile" time="0.000000"></testcase>
		<testcase classname="github.com/altinity/altinity-mcp/cmd/altinity-mcp" name="TestNewApplicationWithTestContainer" time="7.150000"></testcase>
		<testcase classname="github.com/altinity/altinity-mcp/cmd/altinity-mcp" name="TestRunServerWithValidConfig" time="0.000000"></testcase>
		<testcase classname="github.com/altinity/altinity-mcp/cmd/altinity-mcp" name="TestRun/version_command" time="0.000000"></testcase>
		<testcase classname="github.com/altinity/altinity-mcp/cmd/altinity-mcp" name="TestRun/test_connection_command_invalid_config" time="0.010000"></testcase>
		<testcase classname="github.com/altinity/altinity-mcp/cmd/altinity-mcp" name="TestRun/invalid_flag" time="0.010000"></testcase>
		<testcase classname="github.com/altinity/altinity-mcp/cmd/altinity-mcp" name="TestRun/help_command" time="0.000000"></testcase>
		<testcase classname="github.com/altinity/altinity-mcp/cmd/altinity-mcp" name="TestRun/invalid_log_level" time="0.000000"></testcase>
		<testcase classname="github.com/altinity/altinity-mcp/cmd/altinity-mcp" name="TestRun/jwe_enabled_without_secret" time="0.000000"></testcase>
		<testcase classname="github.com/altinity/altinity-mcp/cmd/altinity-mcp" name="TestRun/invalid_config_file" time="0.000000"></testcase>
		<testcase classname="github.com/altinity/altinity-mcp/cmd/altinity-mcp" name="TestRun/invalid_clickhouse_connection" time="0.000000"></testcase>
		<testcase classname="github.com/altinity/altinity-mcp/cmd/altinity-mcp" name="TestRun/jwe_enabled_with_secret" time="0.000000"></testcase>
		<testcase classname="github.com/altinity/altinity-mcp/cmd/altinity-mcp" name="TestRun/valid_config_file" time="0.000000"></testcase>
	</testsuite>
	<testsuite tests="6" failures="0" time="1.437000" name="github.com/altinity/altinity-mcp/cmd/jwe_auth" timestamp="2026-03-29T22:57:49+02:00">
		<properties>
			<property name="go.version" value="go1.25.6 darwin/arm64"></property>
		</properties>
		<testcase classname="github.com/altinity/altinity-mcp/cmd/jwe_auth" name="TestRunGenerator/successful_generation" time="0.000000"></testcase>
		<testcase classname="github.com/altinity/altinity-mcp/cmd/jwe_auth" name="TestRunGenerator/successful_generation_empty_jwt_secret" time="0.000000"></testcase>
		<testcase classname="github.com/altinity/altinity-mcp/cmd/jwe_auth" name="TestRunGenerator/help_flag" time="0.000000"></testcase>
		<testcase classname="github.com/altinity/altinity-mcp/cmd/jwe_auth" name="TestRunGenerator/missing_jwe_secret_key" time="0.000000"></testcase>
		<testcase classname="github.com/altinity/altinity-mcp/cmd/jwe_auth" name="TestRunGenerator" time="0.000000"></testcase>
		<testcase classname="github.com/altinity/altinity-mcp/cmd/jwe_auth" name="TestJWEAuthEndToEnd" time="1.410000"></testcase>
	</testsuite>
	<testsuite tests="28" failures="0" time="29.153000" name="github.com/altinity/altinity-mcp/pkg/clickhouse" timestamp="2026-03-29T22:57:49+02:00">
		<properties>
			<property name="go.version" value="go1.25.6 darwin/arm64"></property>
		</properties>
		<testcase classname="github.com/altinity/altinity-mcp/pkg/clickhouse" name="TestNewClient/invalid_config" time="0.010000"></testcase>
		<testcase classname="github.com/altinity/altinity-mcp/pkg/clickhouse" name="TestNewClient/valid_config_but_no_server" time="0.000000"></testcase>
		<testcase classname="github.com/altinity/altinity-mcp/pkg/clickhouse" name="TestNewClient" time="0.010000"></testcase>
		<testcase classname="github.com/altinity/altinity-mcp/pkg/clickhouse" name="TestClientOperations/ping" time="0.000000"></testcase>
		<testcase classname="github.com/altinity/altinity-mcp/pkg/clickhouse" name="TestClientOperations/list_tables" time="0.000000"></testcase>
		<testcase classname="github.com/altinity/altinity-mcp/pkg/clickhouse" name="TestClientOperations/execute_ddl" time="0.010000"></testcase>
		<testcase classname="github.com/altinity/altinity-mcp/pkg/clickhouse" name="TestClientOperations/execute_insert" time="0.000000"></testcase>
		<testcase classname="github.com/altinity/altinity-mcp/pkg/clickhouse" name="TestClientOperations/execute_select" time="0.000000"></testcase>
		<testcase classname="github.com/altinity/altinity-mcp/pkg/clickhouse" name="TestClientOperations/describe_table" time="0.000000"></testcase>
		<testcase classname="github.com/altinity/altinity-mcp/pkg/clickhouse" name="TestClientOperations" time="11.390000"></testcase>
		<testcase classname="github.com/altinity/altinity-mcp/pkg/clickhouse" name="TestClientErrorPaths/ping_failure" time="0.000000"></testcase>
		<testcase classname="github.com/altinity/altinity-mcp/pkg/clickhouse" name="TestClientErrorPaths/describe_table_not_exists" time="8.890000"></testcase>
		<testcase classname="github.com/altinity/altinity-mcp/pkg/clickhouse" name="TestClientErrorPaths/non_select_error" time="8.820000"></testcase>
		<testcase classname="github.com/altinity/altinity-mcp/pkg/clickhouse" name="TestClientErrorPaths/read_only_blocks_non_select" time="0.000000"></testcase>
		<testcase classname="github.com/altinity/altinity-mcp/pkg/clickhouse" name="TestClientErrorPaths" time="17.710000"></testcase>
		<testcase classname="github.com/altinity/altinity-mcp/pkg/clickhouse" name="TestUtilityFunctions/isSelectQuery" time="0.000000"></testcase>
		<testcase classname="github.com/altinity/altinity-mcp/pkg/clickhouse" name="TestUtilityFunctions/truncateString" time="0.000000"></testcase>
		<testcase classname="github.com/altinity/altinity-mcp/pkg/clickhouse" name="TestUtilityFunctions/convertToSerializable" time="0.000000"></testcase>
		<testcase classname="github.com/altinity/altinity-mcp/pkg/clickhouse" name="TestUtilityFunctions" time="0.000000"></testcase>
		<testcase classname="github.com/altinity/altinity-mcp/pkg/clickhouse" name="TestTLSConfig/disabled" time="0.000000"></testcase>
		<testcase classname="github.com/altinity/altinity-mcp/pkg/clickhouse" name="TestTLSConfig/enabled_insecure" time="0.000000"></testcase>
		<testcase classname="github.com/altinity/altinity-mcp/pkg/clickhouse" name="TestTLSConfig/ca_cert_not_found" time="0.000000"></testcase>
		<testcase classname="github.com/altinity/altinity-mcp/pkg/clickhouse" name="TestTLSConfig/client_cert_not_found" time="0.000000"></testcase>
		<testcase classname="github.com/altinity/altinity-mcp/pkg/clickhouse" name="TestTLSConfig" time="0.000000"></testcase>
		<testcase classname="github.com/altinity/altinity-mcp/pkg/clickhouse" name="TestPrepareHTTPAuthForClickHouse/http_tls_bearer_uses_jwt_hook" time="0.000000"></testcase>
		<testcase classname="github.com/altinity/altinity-mcp/pkg/clickhouse" name="TestPrepareHTTPAuthForClickHouse/non_tls_keeps_authorization_header" time="0.000000"></testcase>
		<testcase classname="github.com/altinity/altinity-mcp/pkg/clickhouse" name="TestPrepareHTTPAuthForClickHouse/custom_auth_scheme_kept_as_header" time="0.000000"></testcase>
		<testcase classname="github.com/altinity/altinity-mcp/pkg/clickhouse" name="TestPrepareHTTPAuthForClickHouse" time="0.000000"></testcase>
	</testsuite>
	<testsuite tests="28" failures="0" time="0.027000" name="github.com/altinity/altinity-mcp/pkg/config" timestamp="2026-03-29T22:57:49+02:00">
		<properties>
			<property name="go.version" value="go1.25.6 darwin/arm64"></property>
		</properties>
		<testcase classname="github.com/altinity/altinity-mcp/pkg/config" name="TestLoadConfigWithDynamicTools/basic_dynamic_tools" time="0.000000"></testcase>
		<testcase classname="github.com/altinity/altinity-mcp/pkg/config" name="TestLoadConfigWithDynamicTools/dynamic_tools_with_name" time="0.000000"></testcase>
		<testcase classname="github.com/altinity/altinity-mcp/pkg/config" name="TestLoadConfigWithDynamicTools/multiple_dynamic_tools_mixed" time="0.000000"></testcase>
		<testcase classname="github.com/altinity/altinity-mcp/pkg/config" name="TestLoadConfigWithDynamicTools/dynamic_tools_with_name_json" time="0.000000"></testcase>
		<testcase classname="github.com/altinity/altinity-mcp/pkg/config" name="TestLoadConfigWithDynamicTools" time="0.000000"></testcase>
		<testcase classname="github.com/altinity/altinity-mcp/pkg/config" name="TestLoadConfigFromFile/yaml_config" time="0.000000"></testcase>
		<testcase classname="github.com/altinity/altinity-mcp/pkg/config" name="TestLoadConfigFromFile/json_config" time="0.000000"></testcase>
		<testcase classname="github.com/altinity/altinity-mcp/pkg/config" name="TestLoadConfigFromFile/nonexistent_file" time="0.000000"></testcase>
		<testcase classname="github.com/altinity/altinity-mcp/pkg/config" name="TestLoadConfigFromFile/invalid_yaml" time="0.000000"></testcase>
		<testcase classname="github.com/altinity/altinity-mcp/pkg/config" name="TestLoadConfigFromFile/invalid_json" time="0.000000"></testcase>
		<testcase classname="github.com/altinity/altinity-mcp/pkg/config" name="TestLoadConfigFromFile/unsupported_extension" time="0.000000"></testcase>
		<testcase classname="github.com/altinity/altinity-mcp/pkg/config" name="TestLoadConfigFromFile" time="0.000000"></testcase>
		<testcase classname="github.com/altinity/altinity-mcp/pkg/config" name="TestConfigConstants/clickhouse_protocols" time="0.000000"></testcase>
		<testcase classname="github.com/altinity/altinity-mcp/pkg/config" name="TestConfigConstants/mcp_transports" time="0.000000"></testcase>
		<testcase classname="github.com/altinity/altinity-mcp/pkg/config" name="TestConfigConstants/log_levels" time="0.000000"></testcase>
		<testcase classname="github.com/altinity/altinity-mcp/pkg/config" name="TestConfigConstants" time="0.000000"></testcase>
		<testcase classname="github.com/altinity/altinity-mcp/pkg/config" name="TestConfigStructs/clickhouse_config" time="0.000000"></testcase>
		<testcase classname="github.com/altinity/altinity-mcp/pkg/config" name="TestConfigStructs/tls_config" time="0.000000"></testcase>
		<testcase classname="github.com/altinity/altinity-mcp/pkg/config" name="TestConfigStructs/server_config" time="0.000000"></testcase>
		<testcase classname="github.com/altinity/altinity-mcp/pkg/config" name="TestConfigStructs/jwe_config" time="0.000000"></testcase>
		<testcase classname="github.com/altinity/altinity-mcp/pkg/config" name="TestConfigStructs/logging_config" time="0.000000"></testcase>
		<testcase classname="github.com/altinity/altinity-mcp/pkg/config" name="TestConfigStructs/oauth_config" time="0.000000"></testcase>
		<testcase classname="github.com/altinity/altinity-mcp/pkg/config" name="TestConfigStructs" time="0.000000"></testcase>
		<testcase classname="github.com/altinity/altinity-mcp/pkg/config" name="TestLoadConfigWithOAuth/oauth_yaml_config" time="0.000000"></testcase>
		<testcase classname="github.com/altinity/altinity-mcp/pkg/config" name="TestLoadConfigWithOAuth/oauth_json_config" time="0.000000"></testcase>
		<testcase classname="github.com/altinity/altinity-mcp/pkg/config" name="TestLoadConfigWithOAuth/oauth_clear_credentials_yaml" time="0.000000"></testcase>
		<testcase classname="github.com/altinity/altinity-mcp/pkg/config" name="TestLoadConfigWithOAuth/jwe_and_oauth_both_enabled" time="0.000000"></testcase>
		<testcase classname="github.com/altinity/altinity-mcp/pkg/config" name="TestLoadConfigWithOAuth" time="0.000000"></testcase>
	</testsuite>
	<testsuite tests="17" failures="0" time="0.017000" name="github.com/altinity/altinity-mcp/pkg/jwe_auth" timestamp="2026-03-29T22:57:49+02:00">
		<properties>
			<property name="go.version" value="go1.25.6 darwin/arm64"></property>
		</properties>
		<testcase classname="github.com/altinity/altinity-mcp/pkg/jwe_auth" name="TestParseAndDecryptJWE/valid_token" time="0.000000"></testcase>
		<testcase classname="github.com/altinity/altinity-mcp/pkg/jwe_auth" name="TestParseAndDecryptJWE/invalid_token" time="0.000000"></testcase>
		<testcase classname="github.com/altinity/altinity-mcp/pkg/jwe_auth" name="TestParseAndDecryptJWE/expired_token" time="0.000000"></testcase>
		<testcase classname="github.com/altinity/altinity-mcp/pkg/jwe_auth" name="TestParseAndDecryptJWE/valid_token_empty_jwt_secret" time="0.000000"></testcase>
		<testcase classname="github.com/altinity/altinity-mcp/pkg/jwe_auth" name="TestParseAndDecryptJWE/expired_token_empty_jwt_secret" time="0.000000"></testcase>
		<testcase classname="github.com/altinity/altinity-mcp/pkg/jwe_auth" name="TestParseAndDecryptJWE/invalid_jwe_content_type" time="0.000000"></testcase>
		<testcase classname="github.com/altinity/altinity-mcp/pkg/jwe_auth" name="TestParseAndDecryptJWE/disallowed_claim_key" time="0.000000"></testcase>
		<testcase classname="github.com/altinity/altinity-mcp/pkg/jwe_auth" name="TestParseAndDecryptJWE/invalid_exp_type" time="0.000000"></testcase>
		<testcase classname="github.com/altinity/altinity-mcp/pkg/jwe_auth" name="TestParseAndDecryptJWE/disallowed_claim_key#01" time="0.000000"></testcase>
		<testcase classname="github.com/altinity/altinity-mcp/pkg/jwe_auth" name="TestParseAndDecryptJWE/invalid_exp_type#01" time="0.000000"></testcase>
		<testcase classname="github.com/altinity/altinity-mcp/pkg/jwe_auth" name="TestParseAndDecryptJWE/distinguish_jwt_and_json_tokens" time="0.000000"></testcase>
		<testcase classname="github.com/altinity/altinity-mcp/pkg/jwe_auth" name="TestParseAndDecryptJWE/jwt_token_without_jwt_secret" time="0.000000"></testcase>
		<testcase classname="github.com/altinity/altinity-mcp/pkg/jwe_auth" name="TestParseAndDecryptJWE/json_token_with_jwt_secret" time="0.000000"></testcase>
		<testcase classname="github.com/altinity/altinity-mcp/pkg/jwe_auth" name="TestParseAndDecryptJWE" time="0.000000"></testcase>
		<testcase classname="github.com/altinity/altinity-mcp/pkg/jwe_auth" name="TestJWETokenGeneration/basic_token" time="0.000000"></testcase>
		<testcase classname="github.com/altinity/altinity-mcp/pkg/jwe_auth" name="TestJWETokenGeneration/empty_jwt_secret_key" time="0.000000"></testcase>
		<testcase classname="github.com/altinity/altinity-mcp/pkg/jwe_auth" name="TestJWETokenGeneration" time="0.000000"></testcase>
	</testsuite>
	<testsuite tests="251" failures="2" skipped="1" time="270.416000" name="github.com/altinity/altinity-mcp/pkg/server" timestamp="2026-03-29T22:57:49+02:00">
		<properties>
			<property name="go.version" value="go1.25.6 darwin/arm64"></property>
		</properties>
		<testcase classname="github.com/altinity/altinity-mcp/pkg/server" name="TestOpenAPI_DynamicPathsIncluded" time="0.000000">
			<failure message="Failed" type="">=== RUN   TestOpenAPI_DynamicPathsIncluded&#xA;    server_test.go:865: &#xA;        &#x9;Error Trace:&#x9;/Users/bvt/work/altinity-mcp/pkg/server/server_test.go:865&#xA;        &#x9;Error:      &#x9;Should be true&#xA;        &#x9;Test:       &#x9;TestOpenAPI_DynamicPathsIncluded&#xA;--- FAIL: TestOpenAPI_DynamicPathsIncluded (0.00s)&#xA;</failure>
		</testcase>
		<testcase classname="github.com/altinity/altinity-mcp/pkg/server" name="TestLazyLoading_OpenAPISchema" time="8.770000">
			<failure message="Failed" type="">=== RUN   TestLazyLoading_OpenAPISchema&#xA;{&#34;level&#34;:&#34;debug&#34;,&#34;host&#34;:&#34;localhost&#34;,&#34;port&#34;:34086,&#34;database&#34;:&#34;default&#34;,&#34;protocol&#34;:&#34;http&#34;,&#34;read_only&#34;:false,&#34;tls&#34;:{&#34;enabled&#34;:false,&#34;ca_cert&#34;:&#34;&#34;,&#34;client_cert&#34;:&#34;&#34;,&#34;client_key&#34;:&#34;&#34;,&#34;insecure_skip_verify&#34;:false},&#34;time&#34;:&#34;2026-03-29T22:59:09+02:00&#34;,&#34;message&#34;:&#34;Connecting to ClickHouse&#34;}&#xA;{&#34;level&#34;:&#34;debug&#34;,&#34;query&#34;:&#34;CREATE TABLE IF NOT EXISTS default.test (\n\t\tid UInt64,\n\t\tname String,\n\t\tcreated_at DateTime\n\t) ENGIN...&#34;,&#34;time&#34;:&#34;2026-03-29T22:59:09+02:00&#34;,&#34;message&#34;:&#34;Non-SELECT query executed successfully&#34;}&#xA;{&#34;level&#34;:&#34;debug&#34;,&#34;query&#34;:&#34;INSERT INTO default.test VALUES (1, &#39;test1&#39;, now()), (2, &#39;test2&#39;, now())&#34;,&#34;time&#34;:&#34;2026-03-29T22:59:09+02:00&#34;,&#34;message&#34;:&#34;Non-SELECT query executed successfully&#34;}&#xA;{&#34;level&#34;:&#34;debug&#34;,&#34;time&#34;:&#34;2026-03-29T22:59:09+02:00&#34;,&#34;message&#34;:&#34;ClickHouse connection closed&#34;}&#xA;{&#34;level&#34;:&#34;debug&#34;,&#34;host&#34;:&#34;localhost&#34;,&#34;port&#34;:34086,&#34;database&#34;:&#34;default&#34;,&#34;protocol&#34;:&#34;http&#34;,&#34;read_only&#34;:false,&#34;tls&#34;:{&#34;enabled&#34;:false,&#34;ca_cert&#34;:&#34;&#34;,&#34;client_cert&#34;:&#34;&#34;,&#34;client_key&#34;:&#34;&#34;,&#34;insecure_skip_verify&#34;:false},&#34;time&#34;:&#34;2026-03-29T22:59:09+02:00&#34;,&#34;message&#34;:&#34;Connecting to ClickHouse&#34;}&#xA;{&#34;level&#34;:&#34;debug&#34;,&#34;query&#34;:&#34;DROP VIEW IF EXISTS default.v_lazy&#34;,&#34;time&#34;:&#34;2026-03-29T22:59:09+02:00&#34;,&#34;message&#34;:&#34;Non-SELECT query executed successfully&#34;}&#xA;{&#34;level&#34;:&#34;debug&#34;,&#34;query&#34;:&#34;CREATE VIEW default.v_lazy AS SELECT * FROM default.test WHERE id={id:UInt64}&#34;,&#34;time&#34;:&#34;2026-03-29T22:59:09+02:00&#34;,&#34;message&#34;:&#34;Non-SELECT query executed successfully&#34;}&#xA;{&#34;level&#34;:&#34;info&#34;,&#34;tool_count&#34;:1,&#34;time&#34;:&#34;2026-03-29T22:59:09+02:00&#34;,&#34;message&#34;:&#34;ClickHouse tools registered&#34;}&#xA;{&#34;level&#34;:&#34;info&#34;,&#34;resource_count&#34;:2,&#34;time&#34;:&#34;2026-03-29T22:59:09+02:00&#34;,&#34;message&#34;:&#34;ClickHouse resources registered&#34;}&#xA;{&#34;level&#34;:&#34;info&#34;,&#34;prompt_count&#34;:0,&#34;time&#34;:&#34;2026-03-29T22:59:09+02:00&#34;,&#34;message&#34;:&#34;ClickHouse prompts registered&#34;}&#xA;{&#34;level&#34;:&#34;info&#34;,&#34;jwe_enabled&#34;:false,&#34;read_only&#34;:false,&#34;default_limit&#34;:0,&#34;version&#34;:&#34;test&#34;,&#34;time&#34;:&#34;2026-03-29T22:59:09+02:00&#34;,&#34;message&#34;:&#34;ClickHouse MCP server initialized with tools, resources, and prompts&#34;}&#xA;{&#34;level&#34;:&#34;debug&#34;,&#34;host&#34;:&#34;localhost&#34;,&#34;port&#34;:34086,&#34;database&#34;:&#34;default&#34;,&#34;protocol&#34;:&#34;http&#34;,&#34;read_only&#34;:false,&#34;tls&#34;:{&#34;enabled&#34;:false,&#34;ca_cert&#34;:&#34;&#34;,&#34;client_cert&#34;:&#34;&#34;,&#34;client_key&#34;:&#34;&#34;,&#34;insecure_skip_verify&#34;:false},&#34;time&#34;:&#34;2026-03-29T22:59:09+02:00&#34;,&#34;message&#34;:&#34;Connecting to ClickHouse&#34;}&#xA;{&#34;level&#34;:&#34;debug&#34;,&#34;rows&#34;:41,&#34;columns&#34;:4,&#34;query&#34;:&#34;SELECT database, name, create_table_query, comment FROM system.tables WHERE engine=&#39;View&#39;&#34;,&#34;time&#34;:&#34;2026-03-29T22:59:09+02:00&#34;,&#34;message&#34;:&#34;Query executed successfully&#34;}&#xA;{&#34;level&#34;:&#34;info&#34;,&#34;tool_count&#34;:1,&#34;time&#34;:&#34;2026-03-29T22:59:09+02:00&#34;,&#34;message&#34;:&#34;Dynamic ClickHouse view tools registered&#34;}&#xA;{&#34;level&#34;:&#34;debug&#34;,&#34;time&#34;:&#34;2026-03-29T22:59:09+02:00&#34;,&#34;message&#34;:&#34;ClickHouse connection closed&#34;}&#xA;    server_test.go:1295: &#xA;        &#x9;Error Trace:&#x9;/Users/bvt/work/altinity-mcp/pkg/server/server_test.go:1295&#xA;        &#x9;Error:      &#x9;Should be true&#xA;        &#x9;Test:       &#x9;TestLazyLoading_OpenAPISchema&#xA;{&#34;level&#34;:&#34;debug&#34;,&#34;time&#34;:&#34;2026-03-29T22:59:09+02:00&#34;,&#34;message&#34;:&#34;ClickHouse connection closed&#34;}&#xA;--- FAIL: TestLazyLoading_OpenAPISchema (8.77s)&#xA;</failure>
		</testcase>
		<testcase classname="github.com/altinity/altinity-mcp/pkg/server" name="TestOAuthE2EWithKeycloak" time="0.000000">
			<skipped message="=== RUN   TestOAuthE2EWithKeycloak&#xA;    oauth_e2e_test.go:37: set RUN_OAUTH_E2E=1 to run Docker-based OAuth E2E test&#xA;--- SKIP: TestOAuthE2EWithKeycloak (0.00s)&#xA;"></skipped>
		</testcase>
		<testcase classname="github.com/altinity/altinity-mcp/pkg/server" name="TestOpenAPIHandlers/serves_openapi_schema" time="0.000000"></testcase>
		<testcase classname="github.com/altinity/altinity-mcp/pkg/server" name="TestOpenAPIHandlers/execute_query_via_openapi" time="0.010000"></testcase>
		<testcase classname="github.com/altinity/altinity-mcp/pkg/server" name="TestOpenAPIHandlers/execute_query_with_limit" time="0.010000"></testcase>
		<testcase classname="github.com/altinity/altinity-mcp/pkg/server" name="TestOpenAPIHandlers/execute_query_missing_param" time="0.000000"></testcase>
		<testcase classname="github.com/altinity/altinity-mcp/pkg/server" name="TestOpenAPIHandlers/jwe_required_but_missing" time="0.000000"></testcase>
		<testcase classname="github.com/altinity/altinity-mcp/pkg/server" name="TestOpenAPIHandlers/combined_auth_oauth_only_via_openapi" time="0.000000"></testcase>
		<testcase classname="github.com/altinity/altinity-mcp/pkg/server" name="TestOpenAPIHandlers/dynamic_tool_execution" time="0.010000"></testcase>
		<testcase classname="github.com/altinity/altinity-mcp/pkg/server" name="TestOpenAPIHandlers/dynamic_tool_not_found" time="0.000000"></testcase>
		<testcase classname="github.com/altinity/altinity-mcp/pkg/server" name="TestOpenAPIHandlers/dynamic_tool_invalid_json" time="0.000000"></testcase>
		<testcase classname="github.com/altinity/altinity-mcp/pkg/server" name="TestOpenAPIHandlers" time="12.300000"></testcase>
		<testcase classname="github.com/altinity/altinity-mcp/pkg/server" name="TestNewClickHouseMCPServer/creates_server_with_defaults" time="0.000000"></testcase>
		<testcase classname="github.com/altinity/altinity-mcp/pkg/server" name="TestNewClickHouseMCPServer/creates_server_with_jwe_enabled" time="0.000000"></testcase>
		<testcase classname="github.com/altinity/altinity-mcp/pkg/server" name="TestNewClickHouseMCPServer" time="0.000000"></testcase>
		<testcase classname="github.com/altinity/altinity-mcp/pkg/server" name="TestHandleExecuteQuery/successful_select" time="0.010000"></testcase>
		<testcase classname="github.com/altinity/altinity-mcp/pkg/server" name="TestHandleExecuteQuery/select_from_test_table" time="0.010000"></testcase>
		<testcase classname="github.com/altinity/altinity-mcp/pkg/server" name="TestHandleExecuteQuery/with_limit_parameter" time="0.010000"></testcase>
		<testcase classname="github.com/altinity/altinity-mcp/pkg/server" name="TestHandleExecuteQuery/missing_query_parameter" time="0.000000"></testcase>
		<testcase classname="github.com/altinity/altinity-mcp/pkg/server" name="TestHandleExecuteQuery/invalid_query" time="0.010000"></testcase>
		<testcase classname="github.com/altinity/altinity-mcp/pkg/server" name="TestHandleExecuteQuery" time="9.670000"></testcase>
		<testcase classname="github.com/altinity/altinity-mcp/pkg/server" name="TestHandleSchemaResource/returns_schema" time="0.010000"></testcase>
		<testcase classname="github.com/altinity/altinity-mcp/pkg/server" name="TestHandleSchemaResource/no_server_in_context" time="0.000000"></testcase>
		<testcase classname="github.com/altinity/altinity-mcp/pkg/server" name="TestHandleSchemaResource" time="9.680000"></testcase>
		<testcase classname="github.com/altinity/altinity-mcp/pkg/server" name="TestHandleTableResource/returns_table_structure" time="0.010000"></testcase>
		<testcase classname="github.com/altinity/altinity-mcp/pkg/server" name="TestHandleTableResource/invalid_uri_format" time="0.000000"></testcase>
		<testcase classname="github.com/altinity/altinity-mcp/pkg/server" name="TestHandleTableResource/no_server_in_context" time="0.000000"></testcase>
		<testcase classname="github.com/altinity/altinity-mcp/pkg/server" name="TestHandleTableResource" time="9.040000"></testcase>
		<testcase classname="github.com/altinity/altinity-mcp/pkg/server" name="TestJWEAuthentication/valid_jwe_token" time="0.030000"></testcase>
		<testcase classname="github.com/altinity/altinity-mcp/pkg/server" name="TestJWEAuthentication/missing_token_when_jwe_enabled" time="0.000000"></testcase>
		<testcase classname="github.com/altinity/altinity-mcp/pkg/server" name="TestJWEAuthentication/invalid_token" time="0.000000"></testcase>
		<testcase classname="github.com/altinity/altinity-mcp/pkg/server" name="TestJWEAuthentication" time="8.250000"></testcase>
		<testcase classname="github.com/altinity/altinity-mcp/pkg/server" name="TestExtractTokenFromRequest/bearer_token" time="0.000000"></testcase>
		<testcase classname="github.com/altinity/altinity-mcp/pkg/server" name="TestExtractTokenFromRequest/basic_token" time="0.000000"></testcase>
		<testcase classname="github.com/altinity/altinity-mcp/pkg/server" name="TestExtractTokenFromRequest/x_altinity_mcp_key_header" time="0.000000"></testcase>
		<testcase classname="github.com/altinity/altinity-mcp/pkg/server" name="TestExtractTokenFromRequest/from_url_path" time="0.000000"></testcase>
		<testcase classname="github.com/altinity/altinity-mcp/pkg/server" name="TestExtractTokenFromRequest/no_token" time="0.000000"></testcase>
		<testcase classname="github.com/altinity/altinity-mcp/pkg/server" name="TestExtractTokenFromRequest" time="0.000000"></testcase>
		<testcase classname="github.com/altinity/altinity-mcp/pkg/server" name="TestExtractTokenFromCtx/with_token" time="0.000000"></testcase>
		<testcase classname="github.com/altinity/altinity-mcp/pkg/server" name="TestExtractTokenFromCtx/no_token" time="0.000000"></testcase>
		<testcase classname="github.com/altinity/altinity-mcp/pkg/server" name="TestExtractTokenFromCtx/wrong_type" time="0.000000"></testcase>
		<testcase classname="github.com/altinity/altinity-mcp/pkg/server" name="TestExtractTokenFromCtx" time="0.000000"></testcase>
		<testcase classname="github.com/altinity/altinity-mcp/pkg/server" name="TestHelperFunctions/isSelectQuery" time="0.000000"></testcase>
		<testcase classname="github.com/altinity/altinity-mcp/pkg/server" name="TestHelperFunctions/hasLimitClause" time="0.000000"></testcase>
		<testcase classname="github.com/altinity/altinity-mcp/pkg/server" name="TestHelperFunctions/snakeCase" time="0.000000"></testcase>
		<testcase classname="github.com/altinity/altinity-mcp/pkg/server" name="TestHelperFunctions/sqlLiteral" time="0.000000"></testcase>
		<testcase classname="github.com/altinity/altinity-mcp/pkg/server" name="TestHelperFunctions/buildDescription" time="0.000000"></testcase>
		<testcase classname="github.com/altinity/altinity-mcp/pkg/server" name="TestHelperFunctions/buildTitle" time="0.000000"></testcase>
		<testcase classname="github.com/altinity/altinity-mcp/pkg/server" name="TestHelperFunctions" time="0.000000"></testcase>
		<testcase classname="github.com/altinity/altinity-mcp/pkg/server" name="TestDynamicToolCommentMetadata/valid_json_comment" time="0.000000"></testcase>
		<testcase classname="github.com/altinity/altinity-mcp/pkg/server" name="TestDynamicToolCommentMetadata/invalid_json_falls_back_to_plain_description" time="0.000000"></testcase>
		<testcase classname="github.com/altinity/altinity-mcp/pkg/server" name="TestDynamicToolCommentMetadata/empty_comment_uses_defaults" time="0.000000"></testcase>
		<testcase classname="github.com/altinity/altinity-mcp/pkg/server" name="TestDynamicToolCommentMetadata" time="0.000000"></testcase>
		<testcase classname="github.com/altinity/altinity-mcp/pkg/server" name="TestRegisterTools_Annotations/read_only_server_marks_execute_query_safe" time="0.000000"></testcase>
		<testcase classname="github.com/altinity/altinity-mcp/pkg/server" name="TestRegisterTools_Annotations/read_write_server_marks_execute_query_risky" time="0.000000"></testcase>
		<testcase classname="github.com/altinity/altinity-mcp/pkg/server" name="TestRegisterTools_Annotations" time="0.000000"></testcase>
		<testcase classname="github.com/altinity/altinity-mcp/pkg/server" name="TestDynamicTools_ParamParsingAndTypeMapping" time="0.000000"></testcase>
		<testcase classname="github.com/altinity/altinity-mcp/pkg/server" name="TestOpenAPI_SchemaIncludesCombinedAuthPaths" time="0.000000"></testcase>
		<testcase classname="github.com/altinity/altinity-mcp/pkg/server" name="TestResourceHandlers_NoServerInContext" time="0.000000"></testcase>
		<testcase classname="github.com/altinity/altinity-mcp/pkg/server" name="TestMakeDynamicToolHandler_NoServerInContext" time="0.000000"></testcase>
		<testcase classname="github.com/altinity/altinity-mcp/pkg/server" name="TestGetClickHouseJWEServerFromContext/no_server" time="0.000000"></testcase>
		<testcase classname="github.com/altinity/altinity-mcp/pkg/server" name="TestGetClickHouseJWEServerFromContext/with_server" time="0.000000"></testcase>
		<testcase classname="github.com/altinity/altinity-mcp/pkg/server" name="TestGetClickHouseJWEServerFromContext/wrong_type" time="0.000000"></testcase>
		<testcase classname="github.com/altinity/altinity-mcp/pkg/server" name="TestGetClickHouseJWEServerFromContext" time="0.000000"></testcase>
		<testcase classname="github.com/altinity/altinity-mcp/pkg/server" name="TestBuildConfigFromClaims/basic_claims" time="0.000000"></testcase>
		<testcase classname="github.com/altinity/altinity-mcp/pkg/server" name="TestBuildConfigFromClaims/tls_claims" time="0.000000"></testcase>
		<testcase classname="github.com/altinity/altinity-mcp/pkg/server" name="TestBuildConfigFromClaims/empty_claims" time="0.000000"></testcase>
		<testcase classname="github.com/altinity/altinity-mcp/pkg/server" name="TestBuildConfigFromClaims/invalid_types" time="0.000000"></testcase>
		<testcase classname="github.com/altinity/altinity-mcp/pkg/server" name="TestBuildConfigFromClaims" time="0.000000"></testcase>
		<testcase classname="github.com/altinity/altinity-mcp/pkg/server" name="TestMakeDynamicToolHandler_WithClickHouse" time="9.860000"></testcase>
		<testcase classname="github.com/altinity/altinity-mcp/pkg/server" name="TestRegisterDynamicTools_SuccessAndOverlap" time="9.620000"></testcase>
		<testcase classname="github.com/altinity/altinity-mcp/pkg/server" name="TestHandleDynamicToolOpenAPI_PostExecutes" time="5.710000"></testcase>
		<testcase classname="github.com/altinity/altinity-mcp/pkg/server" name="TestHandleDynamicToolOpenAPI_Errors" time="0.000000"></testcase>
		<testcase classname="github.com/altinity/altinity-mcp/pkg/server" name="TestLazyLoading_MCPTools" time="8.310000"></testcase>
		<testcase classname="github.com/altinity/altinity-mcp/pkg/server" name="TestNewToolResultText" time="0.000000"></testcase>
		<testcase classname="github.com/altinity/altinity-mcp/pkg/server" name="TestNewToolResultError" time="0.000000"></testcase>
		<testcase classname="github.com/altinity/altinity-mcp/pkg/server" name="TestAddPrompt" time="0.000000"></testcase>
		<testcase classname="github.com/altinity/altinity-mcp/pkg/server" name="TestGetArgumentsMap_ErrorPath/nil_arguments" time="0.000000"></testcase>
		<testcase classname="github.com/altinity/altinity-mcp/pkg/server" name="TestGetArgumentsMap_ErrorPath/invalid_json" time="0.000000"></testcase>
		<testcase classname="github.com/altinity/altinity-mcp/pkg/server" name="TestGetArgumentsMap_ErrorPath" time="0.000000"></testcase>
		<testcase classname="github.com/altinity/altinity-mcp/pkg/server" name="TestMapCHType_AllTypes/UInt64" time="0.000000"></testcase>
		<testcase classname="github.com/altinity/altinity-mcp/pkg/server" name="TestMapCHType_AllTypes/UInt32" time="0.000000"></testcase>
		<testcase classname="github.com/altinity/altinity-mcp/pkg/server" name="TestMapCHType_AllTypes/Int64" time="0.000000"></testcase>
		<testcase classname="github.com/altinity/altinity-mcp/pkg/server" name="TestMapCHType_AllTypes/Int32" time="0.000000"></testcase>
		<testcase classname="github.com/altinity/altinity-mcp/pkg/server" name="TestMapCHType_AllTypes/Float64" time="0.000000"></testcase>
		<testcase classname="github.com/altinity/altinity-mcp/pkg/server" name="TestMapCHType_AllTypes/Float32" time="0.000000"></testcase>
		<testcase classname="github.com/altinity/altinity-mcp/pkg/server" name="TestMapCHType_AllTypes/Decimal(10,2)" time="0.000000"></testcase>
		<testcase classname="github.com/altinity/altinity-mcp/pkg/server" name="TestMapCHType_AllTypes/Bool" time="0.000000"></testcase>
		<testcase classname="github.com/altinity/altinity-mcp/pkg/server" name="TestMapCHType_AllTypes/Date" time="0.000000"></testcase>
		<testcase classname="github.com/altinity/altinity-mcp/pkg/server" name="TestMapCHType_AllTypes/Date32" time="0.000000"></testcase>
		<testcase classname="github.com/altinity/altinity-mcp/pkg/server" name="TestMapCHType_AllTypes/DateTime" time="0.000000"></testcase>
		<testcase classname="github.com/altinity/altinity-mcp/pkg/server" name="TestMapCHType_AllTypes/DateTime64" time="0.000000"></testcase>
		<testcase classname="github.com/altinity/altinity-mcp/pkg/server" name="TestMapCHType_AllTypes/UUID" time="0.000000"></testcase>
		<testcase classname="github.com/altinity/altinity-mcp/pkg/server" name="TestMapCHType_AllTypes/String" time="0.000000"></testcase>
		<testcase classname="github.com/altinity/altinity-mcp/pkg/server" name="TestMapCHType_AllTypes/FixedString(10)" time="0.000000"></testcase>
		<testcase classname="github.com/altinity/altinity-mcp/pkg/server" name="TestMapCHType_AllTypes/Array(String)" time="0.000000"></testcase>
		<testcase classname="github.com/altinity/altinity-mcp/pkg/server" name="TestMapCHType_AllTypes" time="0.000000"></testcase>
		<testcase classname="github.com/altinity/altinity-mcp/pkg/server" name="TestSqlLiteral_AllTypes/integer_int64" time="0.000000"></testcase>
		<testcase classname="github.com/altinity/altinity-mcp/pkg/server" name="TestSqlLiteral_AllTypes/integer_int" time="0.000000"></testcase>
		<testcase classname="github.com/altinity/altinity-mcp/pkg/server" name="TestSqlLiteral_AllTypes/number_default" time="0.000000"></testcase>
		<testcase classname="github.com/altinity/altinity-mcp/pkg/server" name="TestSqlLiteral_AllTypes/boolean_not_bool" time="0.000000"></testcase>
		<testcase classname="github.com/altinity/altinity-mcp/pkg/server" name="TestSqlLiteral_AllTypes/string_non_string" time="0.000000"></testcase>
		<testcase classname="github.com/altinity/altinity-mcp/pkg/server" name="TestSqlLiteral_AllTypes" time="0.000000"></testcase>
		<testcase classname="github.com/altinity/altinity-mcp/pkg/server" name="TestHandleExecuteQueryOpenAPI_MethodNotAllowed" time="9.320000"></testcase>
		<testcase classname="github.com/altinity/altinity-mcp/pkg/server" name="TestHandleExecuteQueryOpenAPI_InvalidLimit/non_numeric_limit" time="0.000000"></testcase>
		<testcase classname="github.com/altinity/altinity-mcp/pkg/server" name="TestHandleExecuteQueryOpenAPI_InvalidLimit/zero_limit" time="0.000000"></testcase>
		<testcase classname="github.com/altinity/altinity-mcp/pkg/server" name="TestHandleExecuteQueryOpenAPI_InvalidLimit/negative_limit" time="0.000000"></testcase>
		<testcase classname="github.com/altinity/altinity-mcp/pkg/server" name="TestHandleExecuteQueryOpenAPI_InvalidLimit" time="6.830000"></testcase>
		<testcase classname="github.com/altinity/altinity-mcp/pkg/server" name="TestHandleExecuteQueryOpenAPI_ExceedsMaxLimit" time="7.570000"></testcase>
		<testcase classname="github.com/altinity/altinity-mcp/pkg/server" name="TestHandleDynamicToolOpenAPI_MethodNotAllowed" time="0.000000"></testcase>
		<testcase classname="github.com/altinity/altinity-mcp/pkg/server" name="TestHandleDynamicToolOpenAPI_MissingRequiredParam" time="8.470000"></testcase>
		<testcase classname="github.com/altinity/altinity-mcp/pkg/server" name="TestServeOpenAPISchema_WithTLS" time="0.000000"></testcase>
		<testcase classname="github.com/altinity/altinity-mcp/pkg/server" name="TestValidateJWEToken_InvalidToken" time="0.000000"></testcase>
		<testcase classname="github.com/altinity/altinity-mcp/pkg/server" name="TestOpenAPIHandler_MissingServerInContext" time="0.000000"></testcase>
		<testcase classname="github.com/altinity/altinity-mcp/pkg/server" name="TestHandleExecuteQuery_NoServerInContext" time="0.000000"></testcase>
		<testcase classname="github.com/altinity/altinity-mcp/pkg/server" name="TestHandleExecuteQuery_EmptyQuery" time="0.000000"></testcase>
		<testcase classname="github.com/altinity/altinity-mcp/pkg/server" name="TestHandleExecuteQuery_ExceedsMaxLimit" time="5.950000"></testcase>
		<testcase classname="github.com/altinity/altinity-mcp/pkg/server" name="TestHandleExecuteQuery_WithQueryWithExistingLimit" time="7.270000"></testcase>
		<testcase classname="github.com/altinity/altinity-mcp/pkg/server" name="TestEnsureDynamicTools_NoRules" time="0.000000"></testcase>
		<testcase classname="github.com/altinity/altinity-mcp/pkg/server" name="TestEnsureDynamicTools_InvalidRegexp" time="9.260000"></testcase>
		<testcase classname="github.com/altinity/altinity-mcp/pkg/server" name="TestEnsureDynamicTools_NamedRuleNoMatch" time="8.280000"></testcase>
		<testcase classname="github.com/altinity/altinity-mcp/pkg/server" name="TestEnsureDynamicTools_NamedRuleMultipleMatches" time="9.460000"></testcase>
		<testcase classname="github.com/altinity/altinity-mcp/pkg/server" name="TestMakeDynamicToolHandler_QueryError" time="9.190000"></testcase>
		<testcase classname="github.com/altinity/altinity-mcp/pkg/server" name="TestHandleTableResource_EmptyDatabaseOrTable/empty_database" time="0.000000"></testcase>
		<testcase classname="github.com/altinity/altinity-mcp/pkg/server" name="TestHandleTableResource_EmptyDatabaseOrTable/empty_table" time="0.000000"></testcase>
		<testcase classname="github.com/altinity/altinity-mcp/pkg/server" name="TestHandleTableResource_EmptyDatabaseOrTable" time="0.000000"></testcase>
		<testcase classname="github.com/altinity/altinity-mcp/pkg/server" name="TestParseViewParams_NoMatches" time="0.000000"></testcase>
		<testcase classname="github.com/altinity/altinity-mcp/pkg/server" name="TestParseViewParams_PartialMatch" time="0.000000"></testcase>
		<testcase classname="github.com/altinity/altinity-mcp/pkg/server" name="TestOpenAPIHandler_InvalidJWEToken" time="0.000000"></testcase>
		<testcase classname="github.com/altinity/altinity-mcp/pkg/server" name="TestHandleDynamicToolOpenAPI_QueryError" time="9.450000"></testcase>
		<testcase classname="github.com/altinity/altinity-mcp/pkg/server" name="TestHandleExecuteQueryOpenAPI_QueryError" time="7.210000"></testcase>
		<testcase classname="github.com/altinity/altinity-mcp/pkg/server" name="TestHandleExecuteQueryOpenAPI_NonSelectWithLimit" time="9.500000"></testcase>
		<testcase classname="github.com/altinity/altinity-mcp/pkg/server" name="TestHandleDynamicToolOpenAPI_WithOptionalParams" time="9.110000"></testcase>
		<testcase classname="github.com/altinity/altinity-mcp/pkg/server" name="TestMakeDynamicToolHandler_GetClientError" time="0.000000"></testcase>
		<testcase classname="github.com/altinity/altinity-mcp/pkg/server" name="TestMakeDynamicToolHandler_WithParams" time="7.720000"></testcase>
		<testcase classname="github.com/altinity/altinity-mcp/pkg/server" name="TestExtractForwardHeaders/wildcard_pattern_forwards_matching,_excludes_non-matching" time="0.000000"></testcase>
		<testcase classname="github.com/altinity/altinity-mcp/pkg/server" name="TestExtractForwardHeaders/exact_pattern_restricts_to_named_header_only" time="0.000000"></testcase>
		<testcase classname="github.com/altinity/altinity-mcp/pkg/server" name="TestExtractForwardHeaders/empty_patterns_forwards_nothing" time="0.000000"></testcase>
		<testcase classname="github.com/altinity/altinity-mcp/pkg/server" name="TestExtractForwardHeaders/wildcard_excludes_sensitive_headers" time="0.000000"></testcase>
		<testcase classname="github.com/altinity/altinity-mcp/pkg/server" name="TestExtractForwardHeaders/explicit_pattern_forwards_sensitive_header" time="0.000000"></testcase>
		<testcase classname="github.com/altinity/altinity-mcp/pkg/server" name="TestExtractForwardHeaders" time="0.000000"></testcase>
		<testcase classname="github.com/altinity/altinity-mcp/pkg/server" name="TestContextForwardedHeaders_RoundTrip" time="0.000000"></testcase>
		<testcase classname="github.com/altinity/altinity-mcp/pkg/server" name="TestCORSAllowHeaders/empty" time="0.000000"></testcase>
		<testcase classname="github.com/altinity/altinity-mcp/pkg/server" name="TestCORSAllowHeaders/single_fwd" time="0.000000"></testcase>
		<testcase classname="github.com/altinity/altinity-mcp/pkg/server" name="TestCORSAllowHeaders/wildcard" time="0.000000"></testcase>
		<testcase classname="github.com/altinity/altinity-mcp/pkg/server" name="TestCORSAllowHeaders/h2s_only" time="0.000000"></testcase>
		<testcase classname="github.com/altinity/altinity-mcp/pkg/server" name="TestCORSAllowHeaders/fwd_and_h2s" time="0.000000"></testcase>
		<testcase classname="github.com/altinity/altinity-mcp/pkg/server" name="TestCORSAllowHeaders" time="0.000000"></testcase>
		<testcase classname="github.com/altinity/altinity-mcp/pkg/server" name="TestMergeHTTPHeaders" time="0.000000"></testcase>
		<testcase classname="github.com/altinity/altinity-mcp/pkg/server" name="TestMergeHTTPHeaders_NilBase" time="0.000000"></testcase>
		<testcase classname="github.com/altinity/altinity-mcp/pkg/server" name="TestValidateHeaderToSettings/valid_custom_prefix" time="0.000000"></testcase>
		<testcase classname="github.com/altinity/altinity-mcp/pkg/server" name="TestValidateHeaderToSettings/case_insensitive_custom_prefix" time="0.000000"></testcase>
		<testcase classname="github.com/altinity/altinity-mcp/pkg/server" name="TestValidateHeaderToSettings/empty_nil" time="0.000000"></testcase>
		<testcase classname="github.com/altinity/altinity-mcp/pkg/server" name="TestValidateHeaderToSettings/empty_map" time="0.000000"></testcase>
		<testcase classname="github.com/altinity/altinity-mcp/pkg/server" name="TestValidateHeaderToSettings/blocked_readonly" time="0.000000"></testcase>
		<testcase classname="github.com/altinity/altinity-mcp/pkg/server" name="TestValidateHeaderToSettings/blocked_READONLY_case" time="0.000000"></testcase>
		<testcase classname="github.com/altinity/altinity-mcp/pkg/server" name="TestValidateHeaderToSettings/blocked_max_execution_time" time="0.000000"></testcase>
		<testcase classname="github.com/altinity/altinity-mcp/pkg/server" name="TestValidateHeaderToSettings/blocked_allow_ddl" time="0.000000"></testcase>
		<testcase classname="github.com/altinity/altinity-mcp/pkg/server" name="TestValidateHeaderToSettings/blocked_password" time="0.000000"></testcase>
		<testcase classname="github.com/altinity/altinity-mcp/pkg/server" name="TestValidateHeaderToSettings/blocked_database" time="0.000000"></testcase>
		<testcase classname="github.com/altinity/altinity-mcp/pkg/server" name="TestValidateHeaderToSettings/blocked_max_memory_usage" time="0.000000"></testcase>
		<testcase classname="github.com/altinity/altinity-mcp/pkg/server" name="TestValidateHeaderToSettings/blocked_user" time="0.000000"></testcase>
		<testcase classname="github.com/altinity/altinity-mcp/pkg/server" name="TestValidateHeaderToSettings/sensitive_authorization" time="0.000000"></testcase>
		<testcase classname="github.com/altinity/altinity-mcp/pkg/server" name="TestValidateHeaderToSettings/sensitive_cookie" time="0.000000"></testcase>
		<testcase classname="github.com/altinity/altinity-mcp/pkg/server" name="TestValidateHeaderToSettings/sensitive_proxy_auth" time="0.000000"></testcase>
		<testcase classname="github.com/altinity/altinity-mcp/pkg/server" name="TestValidateHeaderToSettings/sensitive_host" time="0.000000"></testcase>
		<testcase classname="github.com/altinity/altinity-mcp/pkg/server" name="TestValidateHeaderToSettings/sensitive_set_cookie" time="0.000000"></testcase>
		<testcase classname="github.com/altinity/altinity-mcp/pkg/server" name="TestValidateHeaderToSettings/warn_non_custom_prefix" time="0.000000"></testcase>
		<testcase classname="github.com/altinity/altinity-mcp/pkg/server" name="TestValidateHeaderToSettings/warn_mixed_custom_and_non" time="0.000000"></testcase>
		<testcase classname="github.com/altinity/altinity-mcp/pkg/server" name="TestValidateHeaderToSettings/warn_multiple_non_custom" time="0.000000"></testcase>
		<testcase classname="github.com/altinity/altinity-mcp/pkg/server" name="TestValidateHeaderToSettings/public_api_delegates_correctly" time="0.000000"></testcase>
		<testcase classname="github.com/altinity/altinity-mcp/pkg/server" name="TestValidateHeaderToSettings" time="0.000000"></testcase>
		<testcase classname="github.com/altinity/altinity-mcp/pkg/server" name="TestExtractHeaderSettings/maps_present_headers" time="0.000000"></testcase>
		<testcase classname="github.com/altinity/altinity-mcp/pkg/server" name="TestExtractHeaderSettings/skips_absent_header" time="0.000000"></testcase>
		<testcase classname="github.com/altinity/altinity-mcp/pkg/server" name="TestExtractHeaderSettings/nil_request_returns_nil" time="0.000000"></testcase>
		<testcase classname="github.com/altinity/altinity-mcp/pkg/server" name="TestExtractHeaderSettings/empty_mapping_returns_nil" time="0.000000"></testcase>
		<testcase classname="github.com/altinity/altinity-mcp/pkg/server" name="TestExtractHeaderSettings/all_headers_absent_returns_nil" time="0.000000"></testcase>
		<testcase classname="github.com/altinity/altinity-mcp/pkg/server" name="TestExtractHeaderSettings" time="0.000000"></testcase>
		<testcase classname="github.com/altinity/altinity-mcp/pkg/server" name="TestContextHeaderSettings_RoundTrip" time="0.000000"></testcase>
		<testcase classname="github.com/altinity/altinity-mcp/pkg/server" name="TestMergeExtraSettings" time="0.000000"></testcase>
		<testcase classname="github.com/altinity/altinity-mcp/pkg/server" name="TestMergeExtraSettings_NilBase" time="0.000000"></testcase>
		<testcase classname="github.com/altinity/altinity-mcp/pkg/server" name="TestOAuthConfig/oauth_config_defaults" time="0.000000"></testcase>
		<testcase classname="github.com/altinity/altinity-mcp/pkg/server" name="TestOAuthConfig/oauth_config_with_values" time="0.000000"></testcase>
		<testcase classname="github.com/altinity/altinity-mcp/pkg/server" name="TestOAuthConfig" time="0.000000"></testcase>
		<testcase classname="github.com/altinity/altinity-mcp/pkg/server" name="TestOAuthExtractToken/bearer_token" time="0.000000"></testcase>
		<testcase classname="github.com/altinity/altinity-mcp/pkg/server" name="TestOAuthExtractToken/x_oauth_token_header" time="0.000000"></testcase>
		<testcase classname="github.com/altinity/altinity-mcp/pkg/server" name="TestOAuthExtractToken/x_altinity_oauth_token_header" time="0.000000"></testcase>
		<testcase classname="github.com/altinity/altinity-mcp/pkg/server" name="TestOAuthExtractToken/no_token" time="0.000000"></testcase>
		<testcase classname="github.com/altinity/altinity-mcp/pkg/server" name="TestOAuthExtractToken/bearer_takes_precedence" time="0.000000"></testcase>
		<testcase classname="github.com/altinity/altinity-mcp/pkg/server" name="TestOAuthExtractToken" time="0.000000"></testcase>
		<testcase classname="github.com/altinity/altinity-mcp/pkg/server" name="TestOAuthExtractTokenFromCtx/with_token" time="0.000000"></testcase>
		<testcase classname="github.com/altinity/altinity-mcp/pkg/server" name="TestOAuthExtractTokenFromCtx/no_token" time="0.000000"></testcase>
		<testcase classname="github.com/altinity/altinity-mcp/pkg/server" name="TestOAuthExtractTokenFromCtx/wrong_type" time="0.000000"></testcase>
		<testcase classname="github.com/altinity/altinity-mcp/pkg/server" name="TestOAuthExtractTokenFromCtx" time="0.000000"></testcase>
		<testcase classname="github.com/altinity/altinity-mcp/pkg/server" name="TestOAuthValidateToken/oauth_disabled" time="0.000000"></testcase>
		<testcase classname="github.com/altinity/altinity-mcp/pkg/server" name="TestOAuthValidateToken/missing_token" time="0.000000"></testcase>
		<testcase classname="github.com/altinity/altinity-mcp/pkg/server" name="TestOAuthValidateToken/forward_mode_verifies_signed_jwt_via_jwks" time="0.140000"></testcase>
		<testcase classname="github.com/altinity/altinity-mcp/pkg/server" name="TestOAuthValidateToken/forward_mode_rejects_unverified_email" time="0.050000"></testcase>
		<testcase classname="github.com/altinity/altinity-mcp/pkg/server" name="TestOAuthValidateToken/forward_mode_rejects_disallowed_email_domain" time="0.020000"></testcase>
		<testcase classname="github.com/altinity/altinity-mcp/pkg/server" name="TestOAuthValidateToken/forward_mode_rejects_disallowed_hosted_domain" time="0.030000"></testcase>
		<testcase classname="github.com/altinity/altinity-mcp/pkg/server" name="TestOAuthValidateToken/forward_mode_rejects_jwt_missing_configured_audience" time="0.090000"></testcase>
		<testcase classname="github.com/altinity/altinity-mcp/pkg/server" name="TestOAuthValidateToken/forward_mode_rejects_jwt_missing_required_scope_claim" time="0.030000"></testcase>
		<testcase classname="github.com/altinity/altinity-mcp/pkg/server" name="TestOAuthValidateToken" time="0.350000"></testcase>
		<testcase classname="github.com/altinity/altinity-mcp/pkg/server" name="TestOAuthBuildClickHouseHeaders/forwarding_disabled" time="0.000000"></testcase>
		<testcase classname="github.com/altinity/altinity-mcp/pkg/server" name="TestOAuthBuildClickHouseHeaders/forward_access_token" time="0.000000"></testcase>
		<testcase classname="github.com/altinity/altinity-mcp/pkg/server" name="TestOAuthBuildClickHouseHeaders/forward_access_token_explicit_authorization_header" time="0.000000"></testcase>
		<testcase classname="github.com/altinity/altinity-mcp/pkg/server" name="TestOAuthBuildClickHouseHeaders/forward_access_token_custom_header" time="0.000000"></testcase>
		<testcase classname="github.com/altinity/altinity-mcp/pkg/server" name="TestOAuthBuildClickHouseHeaders/forward_claims_to_headers" time="0.000000"></testcase>
		<testcase classname="github.com/altinity/altinity-mcp/pkg/server" name="TestOAuthBuildClickHouseHeaders/forward_extra_claims" time="0.000000"></testcase>
		<testcase classname="github.com/altinity/altinity-mcp/pkg/server" name="TestOAuthBuildClickHouseHeaders" time="0.000000"></testcase>
		<testcase classname="github.com/altinity/altinity-mcp/pkg/server" name="TestOAuthClearClickHouseCredentials/credentials_cleared_when_enabled" time="0.000000"></testcase>
		<testcase classname="github.com/altinity/altinity-mcp/pkg/server" name="TestOAuthClearClickHouseCredentials/credentials_not_cleared_when_disabled" time="0.000000"></testcase>
		<testcase classname="github.com/altinity/altinity-mcp/pkg/server" name="TestOAuthClearClickHouseCredentials" time="0.000000"></testcase>
		<testcase classname="github.com/altinity/altinity-mcp/pkg/server" name="TestOAuthAndJWECombined/both_enabled_jwe_only" time="0.020000"></testcase>
		<testcase classname="github.com/altinity/altinity-mcp/pkg/server" name="TestOAuthAndJWECombined/both_enabled_oauth_only" time="0.000000"></testcase>
		<testcase classname="github.com/altinity/altinity-mcp/pkg/server" name="TestOAuthAndJWECombined/both_enabled_both_provided" time="0.010000"></testcase>
		<testcase classname="github.com/altinity/altinity-mcp/pkg/server" name="TestOAuthAndJWECombined/both_enabled_neither_provided" time="0.000000"></testcase>
		<testcase classname="github.com/altinity/altinity-mcp/pkg/server" name="TestOAuthAndJWECombined/both_enabled_jwe_valid_oauth_invalid" time="0.000000"></testcase>
		<testcase classname="github.com/altinity/altinity-mcp/pkg/server" name="TestOAuthAndJWECombined/both_enabled_jwe_invalid_oauth_valid" time="0.000000"></testcase>
		<testcase classname="github.com/altinity/altinity-mcp/pkg/server" name="TestOAuthAndJWECombined" time="10.610000"></testcase>
		<testcase classname="github.com/altinity/altinity-mcp/pkg/server" name="TestOAuthOpenAPIHandler/oauth_only_valid" time="0.010000"></testcase>
		<testcase classname="github.com/altinity/altinity-mcp/pkg/server" name="TestOAuthOpenAPIHandler/oauth_only_missing" time="0.000000"></testcase>
		<testcase classname="github.com/altinity/altinity-mcp/pkg/server" name="TestOAuthOpenAPIHandler/oauth_only_expired" time="0.000000"></testcase>
		<testcase classname="github.com/altinity/altinity-mcp/pkg/server" name="TestOAuthOpenAPIHandler/oauth_only_insufficient_scopes" time="0.000000"></testcase>
		<testcase classname="github.com/altinity/altinity-mcp/pkg/server" name="TestOAuthOpenAPIHandler/oauth_only_invalid" time="0.000000"></testcase>
		<testcase classname="github.com/altinity/altinity-mcp/pkg/server" name="TestOAuthOpenAPIHandler" time="11.460000"></testcase>
		<testcase classname="github.com/altinity/altinity-mcp/pkg/server" name="TestGetOAuthClaimsFromCtx/with_claims" time="0.000000"></testcase>
		<testcase classname="github.com/altinity/altinity-mcp/pkg/server" name="TestGetOAuthClaimsFromCtx/no_claims" time="0.000000"></testcase>
		<testcase classname="github.com/altinity/altinity-mcp/pkg/server" name="TestGetOAuthClaimsFromCtx/wrong_type" time="0.000000"></testcase>
		<testcase classname="github.com/altinity/altinity-mcp/pkg/server" name="TestGetOAuthClaimsFromCtx" time="0.000000"></testcase>
		<testcase classname="github.com/altinity/altinity-mcp/pkg/server" name="TestGetClickHouseClientWithOAuth/no_oauth_forwarding" time="0.010000"></testcase>
		<testcase classname="github.com/altinity/altinity-mcp/pkg/server" name="TestGetClickHouseClientWithOAuth/with_oauth_forwarding" time="0.010000"></testcase>
		<testcase classname="github.com/altinity/altinity-mcp/pkg/server" name="TestGetClickHouseClientWithOAuth/with_jwe_and_oauth" time="0.010000"></testcase>
		<testcase classname="github.com/altinity/altinity-mcp/pkg/server" name="TestGetClickHouseClientWithOAuth" time="11.310000"></testcase>
		<testcase classname="github.com/altinity/altinity-mcp/pkg/server" name="TestValidateAuth/neither_enabled" time="0.000000"></testcase>
		<testcase classname="github.com/altinity/altinity-mcp/pkg/server" name="TestValidateAuth/both_enabled_jwe_with_credentials_skips_oauth" time="0.000000"></testcase>
		<testcase classname="github.com/altinity/altinity-mcp/pkg/server" name="TestValidateAuth/both_enabled_jwe_no_credentials_oauth_fallback" time="0.000000"></testcase>
		<testcase classname="github.com/altinity/altinity-mcp/pkg/server" name="TestValidateAuth/both_enabled_jwe_no_credentials_no_oauth_rejected" time="0.000000"></testcase>
		<testcase classname="github.com/altinity/altinity-mcp/pkg/server" name="TestValidateAuth/both_enabled_oauth_only_succeeds" time="0.000000"></testcase>
		<testcase classname="github.com/altinity/altinity-mcp/pkg/server" name="TestValidateAuth/both_enabled_jwe_invalid_oauth_valid_rejected" time="0.000000"></testcase>
		<testcase classname="github.com/altinity/altinity-mcp/pkg/server" name="TestValidateAuth/both_enabled_both_provided_jwe_priority" time="0.000000"></testcase>
		<testcase classname="github.com/altinity/altinity-mcp/pkg/server" name="TestValidateAuth" time="0.000000"></testcase>
		<testcase classname="github.com/altinity/altinity-mcp/pkg/server" name="TestOAuthMCPToolExecution/execute_query_with_oauth" time="0.000000"></testcase>
		<testcase classname="github.com/altinity/altinity-mcp/pkg/server" name="TestOAuthMCPToolExecution/execute_query_with_oauth_and_header_forwarding" time="0.000000"></testcase>
		<testcase classname="github.com/altinity/altinity-mcp/pkg/server" name="TestOAuthMCPToolExecution/oauth_and_jwe_together_mcp" time="0.000000"></testcase>
		<testcase classname="github.com/altinity/altinity-mcp/pkg/server" name="TestOAuthMCPToolExecution" time="10.750000"></testcase>
		<testcase classname="github.com/altinity/altinity-mcp/pkg/server" name="TestOAuthOpenAPIFullFlow/complete_oauth_openapi_flow" time="0.010000"></testcase>
		<testcase classname="github.com/altinity/altinity-mcp/pkg/server" name="TestOAuthOpenAPIFullFlow/oauth_with_wrong_audience_rejected" time="0.000000"></testcase>
		<testcase classname="github.com/altinity/altinity-mcp/pkg/server" name="TestOAuthOpenAPIFullFlow/oauth_with_missing_required_scope_rejected" time="0.000000"></testcase>
		<testcase classname="github.com/altinity/altinity-mcp/pkg/server" name="TestOAuthOpenAPIFullFlow" time="10.060000"></testcase>
	</testsuite>
</testsuites>